<html>
<body>
<pre>
<h1>µVision Build Log</h1>
<h2>Tool Versions:</h2>
IDE-Version: ¦ÌVision V5.34.0.0
Copyright (C) 2021 ARM Ltd and ARM Germany GmbH. All rights reserved.
License Information: WAKKK WAKKK, WAKKK, LIC=UB4EI-T7R5H-79AG1-CSY7E-HSE4J-PYY6U
 
Tool Versions:
Toolchain:       MDK-ARM Professional  Version: 5.34.0.0
Toolchain Path:  C:\Keil_v5\ARM\ARMCC\Bin
C Compiler:      Armcc.exe V5.06 update 7 (build 960)
Assembler:       Armasm.exe V5.06 update 7 (build 960)
Linker/Locator:  ArmLink.exe V5.06 update 7 (build 960)
Library Manager: ArmAr.exe V5.06 update 7 (build 960)
Hex Converter:   FromElf.exe V5.06 update 7 (build 960)
CPU DLL:         SARMCM3.DLL V5.34.0.0
Dialog DLL:      DARMCM1.DLL V1.19.4.0
Target DLL:      STLink\ST-LINKIII-KEIL_SWO.dll V3.0.8.0
Dialog DLL:      TARMCM1.DLL V1.14.3.0
 
<h2>Project:</h2>
C:\Wakkk\Practice2024\STM32G0_MPU6050\MDK-ARM\STM32G0_MPU6050.uvprojx
Project File Date:  08/23/2024

<h2>Output:</h2>
*** Using Compiler 'V5.06 update 7 (build 960)', folder: 'C:\Keil_v5\ARM\ARMCC\Bin'
Build target 'STM32G0_MPU6050'
compiling main.c...
..\Components\MPU6050\mpu6050.h(242): warning:  #1295-D: Deprecated declaration mpu6050_init - give arg types
  void mpu6050_init();
../Core/Src/main.c(104): warning:  #223-D: function "printf" declared implicitly
    printf("System Begin!\r\n");
../Core/Src/main.c(119): warning:  #167-D: argument of type "uint16_t *" is incompatible with parameter of type "int16_t *"
      mpu6050_read_only_acc(acc);
../Core/Src/main.c: 3 warnings, 0 errors
compiling mpu6050.c...
..\Components\MPU6050\mpu6050.h(242): warning:  #1295-D: Deprecated declaration mpu6050_init - give arg types
  void mpu6050_init();
..\Components\MPU6050\mpu6050.c(15): warning:  #550-D: variable "addr"  was set but never used
    uint8_t addr=0xff;
..\Components\MPU6050\mpu6050.c(40): warning:  #223-D: function "printf" declared implicitly
      printf("I2C Write Error! code: %d\r\n", status);
..\Components\MPU6050\mpu6050.c(61): warning:  #223-D: function "printf" declared implicitly
      printf("I2C Read Error! code: %d\r\n", status);
..\Components\MPU6050\mpu6050.c(75): warning:  #223-D: function "printf" declared implicitly
      printf("I2C Read Bytes Error! code: %d\r\n", status);
..\Components\MPU6050\mpu6050.c: 5 warnings, 0 errors
linking...
Program Size: Code=11400 RO-data=360 RW-data=20 ZI-data=1260  
FromELF: creating hex file...
"STM32G0_MPU6050\STM32G0_MPU6050.axf" - 0 Error(s), 8 Warning(s).

<h2>Software Packages used:</h2>

Package Vendor: ARM
                http://www.keil.com/pack/ARM.CMSIS.5.7.0.pack
                ARM.CMSIS.5.7.0
                CMSIS (Cortex Microcontroller Software Interface Standard)
   * Component: CORE Version: 5.4.0

Package Vendor: Keil
                https://www.keil.com/pack/Keil.STM32G0xx_DFP.1.5.0.pack
                Keil.STM32G0xx_DFP.1.5.0
                STMicroelectronics STM32G0 Series Device Support

<h2>Collection of Component include folders:</h2>
  .\RTE\_STM32G0_MPU6050
  C:\Users\31615\AppData\Local\Arm\Packs\ARM\CMSIS\5.7.0\CMSIS\Core\Include
  C:\Users\31615\AppData\Local\Arm\Packs\Keil\STM32G0xx_DFP\1.5.0\Drivers\CMSIS\Device\ST\STM32G0xx\Include

<h2>Collection of Component Files used:</h2>

   * Component: ARM::CMSIS:CORE:5.4.0
      Include file:  CMSIS\Core\Include\tz_context.h
Build Time Elapsed:  00:00:01
</pre>
</body>
</html>
